2026-01-14 17:00:17 -
======================================================================
2026-01-14 17:00:17 - [WHY-NO-TRADE SUMMARY] Last 1 hours
2026-01-14 17:00:17 - ======================================================================
2026-01-14 17:00:17 - Total intents evaluated: 0
2026-01-14 17:00:17 - Denied: 0 (0.0%)
2026-01-14 17:00:17 - Approved: 0 (100.0%)
2026-01-14 17:00:17 - ======================================================================

2026-01-14 18:00:22 -
======================================================================
2026-01-14 18:00:22 - [WHY-NO-TRADE SUMMARY] Last 1 hours
2026-01-14 18:00:22 - ======================================================================
2026-01-14 18:00:22 - Total intents evaluated: 755
2026-01-14 18:00:22 - Denied: 694 (91.9%)
2026-01-14 18:00:22 - Approved: 61 (8.1%)
2026-01-14 18:00:22 -
Top Rejection Reasons:
2026-01-14 18:00:22 -   1. SLOT_FULL: 621 (82.3%) [EXECUTION]
2026-01-14 18:00:22 -   2. NO_PRICE_DATA: 35 (4.6%) [SMART_ENTRY]
2026-01-14 18:00:22 -   3. NO_ORDERBOOK_DATA: 35 (4.6%) [SMART_ENTRY]
2026-01-14 18:00:22 -   4. ACCEL_FALLING_KNIFE: 3 (0.4%) [SMART_ENTRY]
2026-01-14 18:00:22 -
🚫 Top Missed Opportunities (SLOT_FULL):
2026-01-14 18:00:22 -    1. ICP-EUR          394 times
2026-01-14 18:00:22 -    2. AAVE-USDT        330 times
2026-01-14 18:00:22 -    3. SOL-EUR          271 times
2026-01-14 18:00:22 -    4. PEPE-EUR         197 times
2026-01-14 18:00:22 -    5. COMP-USDT        180 times
2026-01-14 18:00:22 -    6. SUSHI-USDT       168 times
2026-01-14 18:00:22 -    7. ACT-USDT         168 times
2026-01-14 18:00:22 -    8. SUI-EUR          152 times
2026-01-14 18:00:22 -    9. DOT-EUR          112 times
2026-01-14 18:00:22 -    10. GOAT-USDT         88 times
2026-01-14 18:00:23 - ======================================================================

2026-01-14 19:00:23 -
======================================================================
2026-01-14 19:00:23 - [WHY-NO-TRADE SUMMARY] Last 1 hours
2026-01-14 19:00:23 - ======================================================================
2026-01-14 19:00:23 - Total intents evaluated: 1929
2026-01-14 19:00:23 - Denied: 1380 (71.5%)
2026-01-14 19:00:23 - Approved: 549 (28.5%)
2026-01-14 19:00:23 -
Top Rejection Reasons:
2026-01-14 19:00:23 -   1. NO_PRICE_DATA: 543 (28.1%) [SMART_ENTRY]
2026-01-14 19:00:23 -   2. NO_ORDERBOOK_DATA: 541 (28.0%) [SMART_ENTRY]
2026-01-14 19:00:23 -   3. SLOT_FULL: 136 (7.1%) [EXECUTION]
2026-01-14 19:00:23 -   4. WICK_RATIO_LOW: 89 (4.6%) [SMART_ENTRY]
2026-01-14 19:00:23 -   5. ACCEL_FALLING_KNIFE: 71 (3.7%) [SMART_ENTRY]
2026-01-14 19:00:23 -
🚫 Top Missed Opportunities (SLOT_FULL):
2026-01-14 19:00:23 -    1. LINK-USDT        272 times
2026-01-14 19:00:23 -    2. DOGE-USDT        136 times
2026-01-14 19:00:23 -    3. UNI-USDT         136 times
2026-01-14 19:00:23 - ======================================================================

2026-01-14 20:00:25 -
======================================================================
2026-01-14 20:00:25 - [WHY-NO-TRADE SUMMARY] Last 1 hours
2026-01-14 20:00:25 - ======================================================================
2026-01-14 20:00:25 - Total intents evaluated: 2846
2026-01-14 20:00:25 - Denied: 1922 (67.5%)
2026-01-14 20:00:25 - Approved: 924 (32.5%)
2026-01-14 20:00:25 -
Top Rejection Reasons:
2026-01-14 20:00:25 -   1. NO_ORDERBOOK_DATA: 863 (30.3%) [SMART_ENTRY]
2026-01-14 20:00:25 -   2. NO_PRICE_DATA: 861 (30.3%) [SMART_ENTRY]
2026-01-14 20:00:25 -   3. WICK_RATIO_LOW: 173 (6.1%) [SMART_ENTRY]
2026-01-14 20:00:25 -   4. RSI_OVERSOLD: 13 (0.5%) [SMART_ENTRY]
2026-01-14 20:00:25 -   5. ACCEL_FALLING_KNIFE: 12 (0.4%) [SMART_ENTRY]
2026-01-14 20:00:25 - ======================================================================

2026-01-14 21:00:29 -
======================================================================
2026-01-14 21:00:29 - [WHY-NO-TRADE SUMMARY] Last 1 hours
2026-01-14 21:00:29 - ======================================================================
2026-01-14 21:00:29 - Total intents evaluated: 563
2026-01-14 21:00:29 - Denied: 436 (77.4%)
2026-01-14 21:00:29 - Approved: 127 (22.6%)
2026-01-14 21:00:29 -
Top Rejection Reasons:
2026-01-14 21:00:29 -   1. SLOT_FULL: 152 (27.0%) [EXECUTION]
2026-01-14 21:00:29 -   2. NO_PRICE_DATA: 122 (21.7%) [SMART_ENTRY]
2026-01-14 21:00:29 -   3. NO_ORDERBOOK_DATA: 122 (21.7%) [SMART_ENTRY]
2026-01-14 21:00:29 -   4. WICK_RATIO_LOW: 40 (7.1%) [SMART_ENTRY]
2026-01-14 21:00:30 -
🚫 Top Missed Opportunities (SLOT_FULL):
2026-01-14 21:00:30 -    1. LINK-USDT        304 times
2026-01-14 21:00:30 -    2. COMP-USDT        152 times
2026-01-14 21:00:30 -    3. GRASS-USDT       152 times
2026-01-14 21:00:30 - ======================================================================
