2026-01-14 16:58:57 - 
======================================================================
2026-01-14 16:58:57 - [WHY-NO-TRADE SUMMARY] Last 1 hours
2026-01-14 16:58:57 - ======================================================================
2026-01-14 16:58:57 - Total intents evaluated: 0
2026-01-14 16:58:57 - Denied: 0 (0.0%)
2026-01-14 16:58:57 - Approved: 0 (100.0%)
2026-01-14 16:58:57 - ======================================================================

2026-01-14 17:59:02 - 
======================================================================
2026-01-14 17:59:02 - [WHY-NO-TRADE SUMMARY] Last 1 hours
2026-01-14 17:59:02 - ======================================================================
2026-01-14 17:59:02 - Total intents evaluated: 799
2026-01-14 17:59:02 - Denied: 721 (90.2%)
2026-01-14 17:59:02 - Approved: 77 (9.8%)
2026-01-14 17:59:02 - 
Top Rejection Reasons:
2026-01-14 17:59:02 -   1. SLOT_FULL: 621 (77.7%) [EXECUTION]
2026-01-14 17:59:02 -   2. NO_PRICE_DATA: 47 (5.9%) [SMART_ENTRY]
2026-01-14 17:59:02 -   3. NO_ORDERBOOK_DATA: 47 (5.9%) [SMART_ENTRY]
2026-01-14 17:59:02 -   4. ACCEL_FALLING_KNIFE: 6 (0.8%) [SMART_ENTRY]
2026-01-14 17:59:02 - 
🚫 Top Missed Opportunities (SLOT_FULL):
2026-01-14 17:59:02 -    1. ICP-EUR          394 times
2026-01-14 17:59:02 -    2. AAVE-USDT        330 times
2026-01-14 17:59:02 -    3. SOL-EUR          271 times
2026-01-14 17:59:02 -    4. PEPE-EUR         197 times
2026-01-14 17:59:02 -    5. COMP-USDT        180 times
2026-01-14 17:59:02 -    6. SUSHI-USDT       168 times
2026-01-14 17:59:02 -    7. ACT-USDT         168 times
2026-01-14 17:59:02 -    8. SUI-EUR          152 times
2026-01-14 17:59:02 -    9. DOT-EUR          112 times
2026-01-14 17:59:02 -    10. GOAT-USDT         88 times
2026-01-14 17:59:02 - ======================================================================

2026-01-14 18:59:12 - 
======================================================================
2026-01-14 18:59:12 - [WHY-NO-TRADE SUMMARY] Last 1 hours
2026-01-14 18:59:12 - ======================================================================
2026-01-14 18:59:12 - Total intents evaluated: 1952
2026-01-14 18:59:12 - Denied: 1397 (71.6%)
2026-01-14 18:59:12 - Approved: 555 (28.4%)
2026-01-14 18:59:12 - 
Top Rejection Reasons:
2026-01-14 18:59:12 -   1. NO_PRICE_DATA: 546 (28.0%) [SMART_ENTRY]
2026-01-14 18:59:12 -   2. NO_ORDERBOOK_DATA: 544 (27.9%) [SMART_ENTRY]
2026-01-14 18:59:12 -   3. SLOT_FULL: 147 (7.5%) [EXECUTION]
2026-01-14 18:59:12 -   4. WICK_RATIO_LOW: 89 (4.6%) [SMART_ENTRY]
2026-01-14 18:59:12 -   5. ACCEL_FALLING_KNIFE: 71 (3.6%) [SMART_ENTRY]
2026-01-14 18:59:12 - 
🚫 Top Missed Opportunities (SLOT_FULL):
2026-01-14 18:59:12 -    1. LINK-USDT        284 times
2026-01-14 18:59:12 -    2. DOGE-USDT        142 times
2026-01-14 18:59:12 -    3. UNI-USDT         142 times
2026-01-14 18:59:12 -    4. LINK-EUR          10 times
2026-01-14 18:59:12 -    5. SOL-EUR            5 times
2026-01-14 18:59:12 -    6. SUI-EUR            5 times
2026-01-14 18:59:12 - ======================================================================

2026-01-14 19:59:15 - 
======================================================================
2026-01-14 19:59:15 - [WHY-NO-TRADE SUMMARY] Last 1 hours
2026-01-14 19:59:15 - ======================================================================
2026-01-14 19:59:15 - Total intents evaluated: 2786
2026-01-14 19:59:15 - Denied: 1891 (67.9%)
2026-01-14 19:59:15 - Approved: 895 (32.1%)
2026-01-14 19:59:15 - 
Top Rejection Reasons:
2026-01-14 19:59:15 -   1. NO_PRICE_DATA: 845 (30.3%) [SMART_ENTRY]
2026-01-14 19:59:15 -   2. NO_ORDERBOOK_DATA: 845 (30.3%) [SMART_ENTRY]
2026-01-14 19:59:15 -   3. WICK_RATIO_LOW: 171 (6.1%) [SMART_ENTRY]
2026-01-14 19:59:15 -   4. ACCEL_FALLING_KNIFE: 15 (0.5%) [SMART_ENTRY]
2026-01-14 19:59:15 -   5. RSI_OVERSOLD: 15 (0.5%) [SMART_ENTRY]
2026-01-14 19:59:15 - ======================================================================

2026-01-14 20:59:21 - 
======================================================================
2026-01-14 20:59:21 - [WHY-NO-TRADE SUMMARY] Last 1 hours
2026-01-14 20:59:21 - ======================================================================
2026-01-14 20:59:21 - Total intents evaluated: 604
2026-01-14 20:59:21 - Denied: 462 (76.5%)
2026-01-14 20:59:21 - Approved: 142 (23.5%)
2026-01-14 20:59:21 - 
Top Rejection Reasons:
2026-01-14 20:59:21 -   1. SLOT_FULL: 152 (25.2%) [EXECUTION]
2026-01-14 20:59:21 -   2. NO_PRICE_DATA: 134 (22.2%) [SMART_ENTRY]
2026-01-14 20:59:21 -   3. NO_ORDERBOOK_DATA: 134 (22.2%) [SMART_ENTRY]
2026-01-14 20:59:21 -   4. WICK_RATIO_LOW: 42 (7.0%) [SMART_ENTRY]
2026-01-14 20:59:21 - 
🚫 Top Missed Opportunities (SLOT_FULL):
2026-01-14 20:59:21 -    1. LINK-USDT        304 times
2026-01-14 20:59:21 -    2. COMP-USDT        152 times
2026-01-14 20:59:21 -    3. GRASS-USDT       152 times
2026-01-14 20:59:21 - ======================================================================

