2025-12-27 21:08:52 -
======================================================================
2025-12-27 21:08:52 - [WHY-NO-TRADE SUMMARY] Last 24 hours
2025-12-27 21:08:52 - ======================================================================
2025-12-27 21:08:52 - Total intents evaluated: 5114
2025-12-27 21:08:52 - Denied: 4529 (88.6%)
2025-12-27 21:08:52 - Approved: 582 (11.4%)
2025-12-27 21:08:52 -
Top Rejection Reasons:
2025-12-27 21:08:52 -   1. SLOT_FULL: 2241 (43.8%) [EXECUTION]
2025-12-27 21:08:52 -   2. ATR_TOO_LOW: 993 (19.4%) [SMART_ENTRY]
2025-12-27 21:08:52 -   3. RSI_OVERBOUGHT: 712 (13.9%) [SMART_ENTRY]
2025-12-27 21:08:52 -   4. RSI_OVERSOLD: 256 (5.0%) [SMART_ENTRY]
2025-12-27 21:08:52 -   5. VWAP_DEVIATION_TOO_HIGH: 247 (4.8%) [SMART_ENTRY]
2025-12-27 21:08:52 -   6. TREND_24H_OUT_OF_RANGE: 48 (0.9%) [SMART_ENTRY]
2025-12-27 21:08:52 -   7. ACCEL_BLOWOFF: 28 (0.5%) [SMART_ENTRY]
2025-12-27 21:08:52 -   8. STARTUP_DELAY: 4 (0.1%) [EXECUTION]
2025-12-27 21:08:52 - ======================================================================

2025-12-27 21:08:55 -
======================================================================
2025-12-27 21:08:55 - [WHY-NO-TRADE SUMMARY] Last 24 hours
2025-12-27 21:08:55 - ======================================================================
2025-12-27 21:08:55 - Total intents evaluated: 5114
2025-12-27 21:08:55 - Denied: 4529 (88.6%)
2025-12-27 21:08:55 - Approved: 582 (11.4%)
2025-12-27 21:08:55 -
Top Rejection Reasons:
2025-12-27 21:08:55 -   1. SLOT_FULL: 2241 (43.8%) [EXECUTION]
2025-12-27 21:08:55 -   2. ATR_TOO_LOW: 993 (19.4%) [SMART_ENTRY]
2025-12-27 21:08:55 -   3. RSI_OVERBOUGHT: 712 (13.9%) [SMART_ENTRY]
2025-12-27 21:08:55 -   4. RSI_OVERSOLD: 256 (5.0%) [SMART_ENTRY]
2025-12-27 21:08:55 -   5. VWAP_DEVIATION_TOO_HIGH: 247 (4.8%) [SMART_ENTRY]
2025-12-27 21:08:55 -   6. TREND_24H_OUT_OF_RANGE: 48 (0.9%) [SMART_ENTRY]
2025-12-27 21:08:55 -   7. ACCEL_BLOWOFF: 28 (0.5%) [SMART_ENTRY]
2025-12-27 21:08:55 -   8. STARTUP_DELAY: 4 (0.1%) [EXECUTION]
2025-12-27 21:08:55 - ======================================================================

2025-12-27 21:09:07 -
======================================================================
2025-12-27 21:09:07 - [WHY-NO-TRADE SUMMARY] Last 24 hours
2025-12-27 21:09:07 - ======================================================================
2025-12-27 21:09:07 - Total intents evaluated: 5214
2025-12-27 21:09:07 - Denied: 4606 (88.3%)
2025-12-27 21:09:07 - Approved: 605 (11.7%)
2025-12-27 21:09:07 -
Top Rejection Reasons:
2025-12-27 21:09:07 -   1. SLOT_FULL: 2241 (43.0%) [EXECUTION]
2025-12-27 21:09:07 -   2. ATR_TOO_LOW: 1003 (19.2%) [SMART_ENTRY]
2025-12-27 21:09:07 -   3. RSI_OVERBOUGHT: 733 (14.1%) [SMART_ENTRY]
2025-12-27 21:09:07 -   4. VWAP_DEVIATION_TOO_HIGH: 277 (5.3%) [SMART_ENTRY]
2025-12-27 21:09:07 -   5. RSI_OVERSOLD: 256 (4.9%) [SMART_ENTRY]
2025-12-27 21:09:07 -   6. TREND_24H_OUT_OF_RANGE: 64 (1.2%) [SMART_ENTRY]
2025-12-27 21:09:07 -   7. ACCEL_BLOWOFF: 28 (0.5%) [SMART_ENTRY]
2025-12-27 21:09:07 -   8. STARTUP_DELAY: 4 (0.1%) [EXECUTION]
2025-12-27 21:09:07 - ======================================================================

2025-12-27 21:09:08 -
======================================================================
2025-12-27 21:09:08 - [TOP 10 REJECTED SYMBOLS] Last 6 hours
2025-12-27 21:09:08 - ======================================================================
2025-12-27 21:09:08 -   1. N/A: 1630 rejections
2025-12-27 21:09:08 -   2. DOT-EUR: 192 rejections
2025-12-27 21:09:08 -   3. KAITO-EUR: 178 rejections
2025-12-27 21:09:08 -   4. SUI-EUR: 176 rejections
2025-12-27 21:09:08 -   5. NEAR-EUR: 158 rejections
2025-12-27 21:09:08 -   6. ADA-EUR: 155 rejections
2025-12-27 21:09:08 -   7. AAVE-EUR: 138 rejections
2025-12-27 21:09:08 -   8. AVAX-EUR: 137 rejections
2025-12-27 21:09:08 -   9. BNB-EUR: 134 rejections
2025-12-27 21:09:08 -   10. BCH-EUR: 92 rejections
2025-12-27 21:09:08 - ======================================================================

2025-12-27 21:09:08 -
======================================================================
2025-12-27 21:09:08 - [REJECTIONS BY STAGE] Last 6 hours
2025-12-27 21:09:08 - ======================================================================
2025-12-27 21:09:08 -   EXECUTION: 1630 (46.5%)
2025-12-27 21:09:08 -   SMART_ENTRY: 1581 (45.1%)
2025-12-27 21:09:08 - ======================================================================

2025-12-27 21:09:08 -
======================================================================
2025-12-27 21:09:08 - [WHY-NO-TRADE SUMMARY] Last 24 hours
2025-12-27 21:09:08 - ======================================================================
2025-12-27 21:09:08 - Total intents evaluated: 5214
2025-12-27 21:09:08 - Denied: 4606 (88.3%)
2025-12-27 21:09:08 - Approved: 605 (11.7%)
2025-12-27 21:09:08 -
Top Rejection Reasons:
2025-12-27 21:09:08 -   1. SLOT_FULL: 2241 (43.0%) [EXECUTION]
2025-12-27 21:09:08 -   2. ATR_TOO_LOW: 1003 (19.2%) [SMART_ENTRY]
2025-12-27 21:09:08 -   3. RSI_OVERBOUGHT: 733 (14.1%) [SMART_ENTRY]
2025-12-27 21:09:08 -   4. VWAP_DEVIATION_TOO_HIGH: 277 (5.3%) [SMART_ENTRY]
2025-12-27 21:09:08 -   5. RSI_OVERSOLD: 256 (4.9%) [SMART_ENTRY]
2025-12-27 21:09:08 -   6. TREND_24H_OUT_OF_RANGE: 64 (1.2%) [SMART_ENTRY]
2025-12-27 21:09:08 -   7. ACCEL_BLOWOFF: 28 (0.5%) [SMART_ENTRY]
2025-12-27 21:09:08 -   8. STARTUP_DELAY: 4 (0.1%) [EXECUTION]
2025-12-27 21:09:08 - ======================================================================

2025-12-27 21:09:09 -
======================================================================
2025-12-27 21:09:09 - [REJECTIONS BY STAGE] Last 24 hours
2025-12-27 21:09:09 - ======================================================================
2025-12-27 21:09:09 -   SMART_ENTRY: 2361 (45.3%)
2025-12-27 21:09:09 -   EXECUTION: 2245 (43.1%)
2025-12-27 21:09:09 - ======================================================================

2025-12-27 21:09:09 -
======================================================================
2025-12-27 21:09:09 - [TOP 10 REJECTED SYMBOLS] Last 24 hours
2025-12-27 21:09:09 - ======================================================================
2025-12-27 21:09:09 -   1. N/A: 2241 rejections
2025-12-27 21:09:09 -   2. DOT-EUR: 301 rejections
2025-12-27 21:09:09 -   3. NEAR-EUR: 262 rejections
2025-12-27 21:09:09 -   4. AAVE-EUR: 249 rejections
2025-12-27 21:09:09 -   5. AVAX-EUR: 241 rejections
2025-12-27 21:09:09 -   6. KAITO-EUR: 183 rejections
2025-12-27 21:09:09 -   7. SUI-EUR: 180 rejections
2025-12-27 21:09:09 -   8. XDC-EUR: 173 rejections
2025-12-27 21:09:09 -   9. ADA-EUR: 160 rejections
2025-12-27 21:09:09 -   10. BNB-EUR: 134 rejections
2025-12-27 21:09:09 - ======================================================================

2025-12-27 21:09:24 -
======================================================================
2025-12-27 21:09:24 - [WHY-NO-TRADE SUMMARY] Last 24 hours
2025-12-27 21:09:24 - ======================================================================
2025-12-27 21:09:24 - Total intents evaluated: 5214
2025-12-27 21:09:24 - Denied: 4606 (88.3%)
2025-12-27 21:09:24 - Approved: 605 (11.7%)
2025-12-27 21:09:24 -
Top Rejection Reasons:
2025-12-27 21:09:24 -   1. SLOT_FULL: 2241 (43.0%) [EXECUTION]
2025-12-27 21:09:24 -   2. ATR_TOO_LOW: 1003 (19.2%) [SMART_ENTRY]
2025-12-27 21:09:24 -   3. RSI_OVERBOUGHT: 733 (14.1%) [SMART_ENTRY]
2025-12-27 21:09:24 -   4. VWAP_DEVIATION_TOO_HIGH: 277 (5.3%) [SMART_ENTRY]
2025-12-27 21:09:24 -   5. RSI_OVERSOLD: 256 (4.9%) [SMART_ENTRY]
2025-12-27 21:09:24 -   6. TREND_24H_OUT_OF_RANGE: 64 (1.2%) [SMART_ENTRY]
2025-12-27 21:09:24 -   7. ACCEL_BLOWOFF: 28 (0.5%) [SMART_ENTRY]
2025-12-27 21:09:24 -   8. STARTUP_DELAY: 4 (0.1%) [EXECUTION]
2025-12-27 21:09:24 - ======================================================================

2025-12-27 21:09:24 -
======================================================================
2025-12-27 21:09:24 - [TOP 10 REJECTED SYMBOLS] Last 6 hours
2025-12-27 21:09:24 - ======================================================================
2025-12-27 21:09:24 -   1. N/A: 1628 rejections
2025-12-27 21:09:24 -   2. DOT-EUR: 192 rejections
2025-12-27 21:09:24 -   3. KAITO-EUR: 178 rejections
2025-12-27 21:09:24 -   4. SUI-EUR: 176 rejections
2025-12-27 21:09:24 -   5. NEAR-EUR: 158 rejections
2025-12-27 21:09:24 -   6. ADA-EUR: 155 rejections
2025-12-27 21:09:24 -   7. AAVE-EUR: 138 rejections
2025-12-27 21:09:24 -   8. AVAX-EUR: 137 rejections
2025-12-27 21:09:24 -   9. BNB-EUR: 134 rejections
2025-12-27 21:09:24 -   10. BCH-EUR: 92 rejections
2025-12-27 21:09:24 - ======================================================================

2025-12-27 21:09:24 -
======================================================================
2025-12-27 21:09:24 - [REJECTIONS BY STAGE] Last 6 hours
2025-12-27 21:09:24 - ======================================================================
2025-12-27 21:09:24 -   EXECUTION: 1628 (46.4%)
2025-12-27 21:09:24 -   SMART_ENTRY: 1581 (45.1%)
2025-12-27 21:09:24 - ======================================================================

2025-12-27 21:09:25 -
======================================================================
2025-12-27 21:09:25 - [WHY-NO-TRADE SUMMARY] Last 24 hours
2025-12-27 21:09:25 - ======================================================================
2025-12-27 21:09:25 - Total intents evaluated: 5214
2025-12-27 21:09:25 - Denied: 4606 (88.3%)
2025-12-27 21:09:25 - Approved: 605 (11.7%)
2025-12-27 21:09:25 -
Top Rejection Reasons:
2025-12-27 21:09:25 -   1. SLOT_FULL: 2241 (43.0%) [EXECUTION]
2025-12-27 21:09:25 -   2. ATR_TOO_LOW: 1003 (19.2%) [SMART_ENTRY]
2025-12-27 21:09:25 -   3. RSI_OVERBOUGHT: 733 (14.1%) [SMART_ENTRY]
2025-12-27 21:09:25 -   4. VWAP_DEVIATION_TOO_HIGH: 277 (5.3%) [SMART_ENTRY]
2025-12-27 21:09:25 -   5. RSI_OVERSOLD: 256 (4.9%) [SMART_ENTRY]
2025-12-27 21:09:25 -   6. TREND_24H_OUT_OF_RANGE: 64 (1.2%) [SMART_ENTRY]
2025-12-27 21:09:25 -   7. ACCEL_BLOWOFF: 28 (0.5%) [SMART_ENTRY]
2025-12-27 21:09:25 -   8. STARTUP_DELAY: 4 (0.1%) [EXECUTION]
2025-12-27 21:09:25 - ======================================================================

2025-12-27 21:09:26 -
======================================================================
2025-12-27 21:09:26 - [REJECTIONS BY STAGE] Last 24 hours
2025-12-27 21:09:26 - ======================================================================
2025-12-27 21:09:26 -   SMART_ENTRY: 2361 (45.3%)
2025-12-27 21:09:26 -   EXECUTION: 2245 (43.1%)
2025-12-27 21:09:26 - ======================================================================

2025-12-27 21:09:26 -
======================================================================
2025-12-27 21:09:26 - [TOP 10 REJECTED SYMBOLS] Last 24 hours
2025-12-27 21:09:26 - ======================================================================
2025-12-27 21:09:26 -   1. N/A: 2241 rejections
2025-12-27 21:09:26 -   2. DOT-EUR: 301 rejections
2025-12-27 21:09:26 -   3. NEAR-EUR: 262 rejections
2025-12-27 21:09:26 -   4. AAVE-EUR: 249 rejections
2025-12-27 21:09:26 -   5. AVAX-EUR: 241 rejections
2025-12-27 21:09:26 -   6. KAITO-EUR: 183 rejections
2025-12-27 21:09:26 -   7. SUI-EUR: 180 rejections
2025-12-27 21:09:26 -   8. XDC-EUR: 173 rejections
2025-12-27 21:09:26 -   9. ADA-EUR: 160 rejections
2025-12-27 21:09:26 -   10. BNB-EUR: 134 rejections
2025-12-27 21:09:26 - ======================================================================

2025-12-27 21:10:06 -
======================================================================
2025-12-27 21:10:06 - [WHY-NO-TRADE SUMMARY] Last 24 hours
2025-12-27 21:10:06 - ======================================================================
2025-12-27 21:10:06 - Total intents evaluated: 5214
2025-12-27 21:10:06 - Denied: 4606 (88.3%)
2025-12-27 21:10:06 - Approved: 605 (11.7%)
2025-12-27 21:10:06 -
Top Rejection Reasons:
2025-12-27 21:10:06 -   1. SLOT_FULL: 2241 (43.0%) [EXECUTION]
2025-12-27 21:10:06 -   2. ATR_TOO_LOW: 1003 (19.2%) [SMART_ENTRY]
2025-12-27 21:10:06 -   3. RSI_OVERBOUGHT: 733 (14.1%) [SMART_ENTRY]
2025-12-27 21:10:06 -   4. VWAP_DEVIATION_TOO_HIGH: 277 (5.3%) [SMART_ENTRY]
2025-12-27 21:10:06 -   5. RSI_OVERSOLD: 256 (4.9%) [SMART_ENTRY]
2025-12-27 21:10:06 -   6. TREND_24H_OUT_OF_RANGE: 64 (1.2%) [SMART_ENTRY]
2025-12-27 21:10:06 -   7. ACCEL_BLOWOFF: 28 (0.5%) [SMART_ENTRY]
2025-12-27 21:10:06 -   8. STARTUP_DELAY: 4 (0.1%) [EXECUTION]
2025-12-27 21:10:06 - ======================================================================

2025-12-27 21:10:06 -
======================================================================
2025-12-27 21:10:06 - [TOP 10 REJECTED SYMBOLS] Last 6 hours
2025-12-27 21:10:06 - ======================================================================
2025-12-27 21:10:06 -   1. N/A: 1624 rejections
2025-12-27 21:10:06 -   2. DOT-EUR: 192 rejections
2025-12-27 21:10:06 -   3. KAITO-EUR: 178 rejections
2025-12-27 21:10:06 -   4. SUI-EUR: 176 rejections
2025-12-27 21:10:06 -   5. NEAR-EUR: 158 rejections
2025-12-27 21:10:06 -   6. ADA-EUR: 155 rejections
2025-12-27 21:10:06 -   7. AAVE-EUR: 138 rejections
2025-12-27 21:10:06 -   8. AVAX-EUR: 137 rejections
2025-12-27 21:10:06 -   9. BNB-EUR: 134 rejections
2025-12-27 21:10:06 -   10. BCH-EUR: 92 rejections
2025-12-27 21:10:06 - ======================================================================

2025-12-27 21:10:07 -
======================================================================
2025-12-27 21:10:07 - [REJECTIONS BY STAGE] Last 6 hours
2025-12-27 21:10:07 - ======================================================================
2025-12-27 21:10:07 -   EXECUTION: 1624 (46.4%)
2025-12-27 21:10:07 -   SMART_ENTRY: 1581 (45.1%)
2025-12-27 21:10:07 - ======================================================================

2025-12-27 21:10:07 -
======================================================================
2025-12-27 21:10:07 - [WHY-NO-TRADE SUMMARY] Last 24 hours
2025-12-27 21:10:07 - ======================================================================
2025-12-27 21:10:07 - Total intents evaluated: 5214
2025-12-27 21:10:07 - Denied: 4606 (88.3%)
2025-12-27 21:10:07 - Approved: 605 (11.7%)
2025-12-27 21:10:07 -
Top Rejection Reasons:
2025-12-27 21:10:07 -   1. SLOT_FULL: 2241 (43.0%) [EXECUTION]
2025-12-27 21:10:07 -   2. ATR_TOO_LOW: 1003 (19.2%) [SMART_ENTRY]
2025-12-27 21:10:07 -   3. RSI_OVERBOUGHT: 733 (14.1%) [SMART_ENTRY]
2025-12-27 21:10:07 -   4. VWAP_DEVIATION_TOO_HIGH: 277 (5.3%) [SMART_ENTRY]
2025-12-27 21:10:07 -   5. RSI_OVERSOLD: 256 (4.9%) [SMART_ENTRY]
2025-12-27 21:10:07 -   6. TREND_24H_OUT_OF_RANGE: 64 (1.2%) [SMART_ENTRY]
2025-12-27 21:10:07 -   7. ACCEL_BLOWOFF: 28 (0.5%) [SMART_ENTRY]
2025-12-27 21:10:07 -   8. STARTUP_DELAY: 4 (0.1%) [EXECUTION]
2025-12-27 21:10:07 - ======================================================================

2025-12-27 21:10:08 -
======================================================================
2025-12-27 21:10:08 - [REJECTIONS BY STAGE] Last 24 hours
2025-12-27 21:10:08 - ======================================================================
2025-12-27 21:10:08 -   SMART_ENTRY: 2361 (45.3%)
2025-12-27 21:10:08 -   EXECUTION: 2245 (43.1%)
2025-12-27 21:10:08 - ======================================================================

2025-12-27 21:10:09 -
======================================================================
2025-12-27 21:10:09 - [TOP 10 REJECTED SYMBOLS] Last 24 hours
2025-12-27 21:10:09 - ======================================================================
2025-12-27 21:10:09 -   1. N/A: 2241 rejections
2025-12-27 21:10:09 -   2. DOT-EUR: 301 rejections
2025-12-27 21:10:09 -   3. NEAR-EUR: 262 rejections
2025-12-27 21:10:09 -   4. AAVE-EUR: 249 rejections
2025-12-27 21:10:09 -   5. AVAX-EUR: 241 rejections
2025-12-27 21:10:09 -   6. KAITO-EUR: 183 rejections
2025-12-27 21:10:09 -   7. SUI-EUR: 180 rejections
2025-12-27 21:10:09 -   8. XDC-EUR: 173 rejections
2025-12-27 21:10:09 -   9. ADA-EUR: 160 rejections
2025-12-27 21:10:09 -   10. BNB-EUR: 134 rejections
2025-12-27 21:10:09 - ======================================================================
